[09:25:18] [32mINFO[39m: [36mRedis ready[39m
Server running on http://localhost:5001
[09:25:19] [32mINFO[39m: [36mMongoDB connected: ac-j0cisas-shard-00-00.ib03lob.mongodb.net[39m
[09:25:24] [32mINFO[39m: [36mrequest completed[39m
    [35mreq[39m: {
      "id": 1,
      "method": "POST",
      "url": "/api/auth/login",
      "query": {},
      "params": {},
      "headers": {
        "user-agent": "Mozilla/5.0 (Windows NT; Windows NT 10.0; en-US) WindowsPowerShell/5.1.26100.9549",
        "content-type": "application/json",
        "host": "localhost:5001",
        "content-length": "56",
        "expect": "100-continue",
        "connection": "Keep-Alive"
      },
      "remoteAddress": "::1",
      "remotePort": 52601
    }
    [35mres[39m: {
      "statusCode": 200,
      "headers": {
        "content-security-policy": "default-src 'self';base-uri 'self';font-src 'self' https: data:;form-action 'self';frame-ancestors 'self';img-src 'self' data:;object-src 'none';script-src 'self';script-src-attr 'none';style-src 'self' https: 'unsafe-inline';upgrade-insecure-requests",
        "cross-origin-opener-policy": "same-origin",
        "cross-origin-resource-policy": "same-origin",
        "origin-agent-cluster": "?1",
        "referrer-policy": "no-referrer",
        "strict-transport-security": "max-age=15552000; includeSubDomains",
        "x-content-type-options": "nosniff",
        "x-dns-prefetch-control": "off",
        "x-download-options": "noopen",
        "x-frame-options": "SAMEORIGIN",
        "x-permitted-cross-domain-policies": "none",
        "x-xss-protection": "0",
        "access-control-allow-origin": "http://localhost:5173",
        "vary": "Origin",
        "access-control-allow-credentials": "true",
        "ratelimit-policy": "5;w=900",
        "ratelimit-limit": "5",
        "ratelimit-remaining": "4",
        "ratelimit-reset": "900",
        "set-cookie": "token=eyJhbGciOiJIUzI1NiIsInR5cCI6IkpXVCJ9.eyJpZCI6IjZhYzc1YzhkYTE3MTcyOGY5ZTdlNWJmMiIsImlhdCI6MTc5MTQ1MTUyNCwiZXhwIjoxNzkyMDU2MzI0fQ.H4wQl0ZEyO5_OBIHKMunzoq_6DlJ8e8DmCUDSx31eYs; Max-Age=604800; Path=/; Expires=Thu, 15 Oct 2026 09:25:24 GMT; HttpOnly; SameSite=Lax",
        "content-type": "application/json; charset=utf-8",
        "content-length": "270",
        "etag": "W/\"10e-eiA9wS4Ym1qkIhnqI2WtczekYS0\""
      }
    }
    [35mresponseTime[39m: 540
[09:25:24] [32mINFO[39m: [36mrequest completed[39m
    [35mreq[39m: {
      "id": 2,
      "method": "GET",
      "url": "/api/auth/me",
      "query": {},
      "params": {},
      "headers": {
        "user-agent": "Mozilla/5.0 (Windows NT; Windows NT 10.0; en-US) WindowsPowerShell/5.1.26100.9549",
        "host": "localhost:5001",
        "cookie": "[Redacted]"
      },
      "remoteAddress": "::1",
      "remotePort": 52601
    }
    [35mres[39m: {
      "statusCode": 200,
      "headers": {
        "content-security-policy": "default-src 'self';base-uri 'self';font-src 'self' https: data:;form-action 'self';frame-ancestors 'self';img-src 'self' data:;object-src 'none';script-src 'self';script-src-attr 'none';style-src 'self' https: 'unsafe-inline';upgrade-insecure-requests",
        "cross-origin-opener-policy": "same-origin",
        "cross-origin-resource-policy": "same-origin",
        "origin-agent-cluster": "?1",
        "referrer-policy": "no-referrer",
        "strict-transport-security": "max-age=15552000; includeSubDomains",
        "x-content-type-options": "nosniff",
        "x-dns-prefetch-control": "off",
        "x-download-options": "noopen",
        "x-frame-options": "SAMEORIGIN",
        "x-permitted-cross-domain-policies": "none",
        "x-xss-protection": "0",
        "access-control-allow-origin": "http://localhost:5173",
        "vary": "Origin",
        "access-control-allow-credentials": "true",
        "ratelimit-policy": "300;w=900",
        "ratelimit-limit": "300",
        "ratelimit-remaining": "298",
        "ratelimit-reset": "900",
        "content-type": "application/json; charset=utf-8",
        "content-length": "263",
        "etag": "W/\"107-VAUE+ZKppjsawiSeBv7HlNkjCKg\""
      }
    }
    [35mresponseTime[39m: 226
